<?xml version="1.0" encoding="utf-8"?><testsuites name="pytest tests"><testsuite name="pytest" errors="0" failures="0" skipped="0" tests="33" time="8.509" timestamp="2025-12-11T21:01:22.683025+01:00" hostname="ASUS"><testcase classname="tests.test_basics.TestCalculatorBasics" name="test_add" time="0.005" /><testcase classname="tests.test_basics.TestCalculatorBasics" name="test_subtract" time="0.001" /><testcase classname="tests.test_basics.TestCalculatorBasics" name="test_multiply" time="0.001" /><testcase classname="tests.test_basics.TestCalculatorBasics" name="test_divide" time="0.001" /><testcase classname="tests.test_basics.TestCalculatorBasics" name="test_divide_by_zero" time="0.006" /><testcase classname="tests.test_exceptions.TestExceptions" name="test_divide_by_zero_exception" time="0.001" /><testcase classname="tests.test_exceptions.TestExceptions" name="test_database_not_connected" time="0.008" /><testcase classname="tests.test_exceptions.TestExceptions" name="test_multiple_exceptions" time="0.001" /><testcase classname="tests.test_fixtures.TestFixtures" name="test_with_basic_fixture" time="0.001" /><testcase classname="tests.test_fixtures.TestFixtures" name="test_with_cleanup_fixture" time="0.007" /><testcase classname="tests.test_fixtures.TestFixtures" name="test_shared_fixture_1" time="0.001" /><testcase classname="tests.test_fixtures.TestFixtures" name="test_shared_fixture_2" time="0.001" /><testcase classname="tests.test_fixtures.TestFixtures" name="test_database_service" time="0.001" /><testcase classname="tests.test_mocking.TestMocking" name="test_mock_basique" time="0.005" /><testcase classname="tests.test_mocking.TestMocking" name="test_mock_with_side_effect" time="0.002" /><testcase classname="tests.test_mocking.TestMocking" name="test_patch_function" time="0.013" /><testcase classname="tests.test_mocking.TestMocking" name="test_patch_class" time="0.003" /><testcase classname="tests.test_mocking.TestMocking" name="test_decorator_patch" time="0.008" /><testcase classname="tests.test_mocking.TestMocking" name="test_mock_exception" time="0.002" /><testcase classname="tests.test_parametrize.TestParametrized" name="test_add_parametrized[1-2-3]" time="0.002" /><testcase classname="tests.test_parametrize.TestParametrized" name="test_add_parametrized[-1-1-0]" time="0.002" /><testcase classname="tests.test_parametrize.TestParametrized" name="test_add_parametrized[0-0-0]" time="0.002" /><testcase classname="tests.test_parametrize.TestParametrized" name="test_add_parametrized[100-200-300]" time="0.007" /><testcase classname="tests.test_parametrize.TestParametrized" name="test_divide_parametrized[division enti\xe8re]" time="0.004" /><testcase classname="tests.test_parametrize.TestParametrized" name="test_divide_parametrized[division exacte]" time="0.005" /><testcase classname="tests.test_parametrize.TestParametrized" name="test_divide_parametrized[division par un]" time="0.004" /><testcase classname="tests.test_parametrize.TestParametrized" name="test_is_even_parametrized[pair petit]" time="0.006" /><testcase classname="tests.test_parametrize.TestParametrized" name="test_is_even_parametrized[pair grand]" time="0.004" /><testcase classname="tests.test_parametrize.TestParametrized" name="test_is_even_parametrized[impair petit]" time="0.003" /><testcase classname="tests.test_parametrize.TestParametrized" name="test_is_even_parametrized[impair grand]" time="0.002" /><testcase classname="tests.test_performance" name="test_long_running_operation" time="5.002" /><testcase classname="tests.test_performance" name="test_quick_operation" time="0.001" /><testcase classname="tests.test_performance" name="test_api_call" time="3.002" /></testsuite></testsuites>